src/App.tsx(1,8): error TS6133: 'React' is declared but its value is never read.
src/components/CTA.tsx(1,1): error TS6133: 'React' is declared but its value is never read.
src/components/DashboardMockup.tsx(1,1): error TS6133: 'React' is declared but its value is never read.
src/components/DoshaQuiz.tsx(1,8): error TS6133: 'React' is declared but its value is never read.
src/components/Features.tsx(1,1): error TS6133: 'React' is declared but its value is never read.
src/components/Footer.tsx(1,1): error TS6133: 'React' is declared but its value is never read.
src/components/Hero.tsx(1,1): error TS6133: 'React' is declared but its value is never read.
src/components/Navbar.tsx(1,1): error TS6133: 'React' is declared but its value is never read.
